[0m15:08:50.839164 [debug] [MainThread]: Sending event: {'category': 'dbt', 'action': 'invocation', 'label': 'start', 'context': [<snowplow_tracker.self_describing_json.SelfDescribingJson object at 0x0000022B8A146270>, <snowplow_tracker.self_describing_json.SelfDescribingJson object at 0x0000022B8C907ED0>, <snowplow_tracker.self_describing_json.SelfDescribingJson object at 0x0000022B8C9079D0>]}


============================== 15:08:50.842779 | 919eaace-e47d-4aca-af1f-c67120712a3f ==============================
[0m15:08:50.842779 [info ] [MainThread]: Running with dbt=1.12.3
[0m15:08:50.843294 [debug] [MainThread]: running dbt with arguments {'version_check': 'True', 'no_print': 'None', 'static_parser': 'True', 'warn_error_options': 'WarnErrorOptionsV2(error=[], warn=[], silence=[])', 'target_path': 'None', 'maximum_seed_size_mib': '1', 'printer_width': '80', 'write_json': 'True', 'introspect': 'True', 'log_cache_events': 'False', 'empty': 'None', 'cache_selected_only': 'False', 'fail_fast': 'False', 'debug': 'False', 'log_format': 'default', 'profiles_dir': 'C:\\Users\\MartinBerlusconi\\.dbt', 'send_anonymous_usage_stats': 'True', 'quiet': 'False', 'warn_error': 'None', 'partial_parse': 'True', 'indirect_selection': 'eager', 'hints_enabled': 'True', 'invocation_command': 'dbt init dbt_project --profile dataforge_poc', 'use_experimental_parser': 'False', 'use_colors': 'True', 'log_path': 'logs'}
[0m15:08:50.864431 [debug] [MainThread]: Starter project path: c:\Martin\Projects\DataForge_POC\.venv\Lib\site-packages\dbt\include\starter_project
[0m15:08:50.890434 [info ] [MainThread]: Running dbt debug to validate the project...
[0m15:08:50.891081 [info ] [MainThread]: dbt version: 1.12.3
[0m15:08:50.891387 [info ] [MainThread]: python version: 3.13.3
[0m15:08:50.891653 [info ] [MainThread]: python path: c:\Martin\Projects\DataForge_POC\.venv\Scripts\python.exe
[0m15:08:50.891908 [info ] [MainThread]: os info: Windows-11-10.0.26200-SP0
[0m15:08:51.357511 [debug] [MainThread]: Snowflake adapter: Setting snowflake.connector to ERROR (file logging only)
[0m15:08:51.357908 [debug] [MainThread]: Snowflake adapter: Setting botocore to ERROR (file logging only)
[0m15:08:51.358112 [debug] [MainThread]: Snowflake adapter: Setting boto3 to ERROR (file logging only)
[0m15:08:51.505405 [info ] [MainThread]: Using profiles dir at C:\Users\MartinBerlusconi\.dbt
[0m15:08:51.505977 [info ] [MainThread]: Using profiles.yml file at C:\Users\MartinBerlusconi\.dbt\profiles.yml
[0m15:08:51.506330 [info ] [MainThread]: Using dbt_project.yml file at C:\Martin\Projects\DataForge_POC\dbt_project\dbt_project.yml
[0m15:08:51.507364 [info ] [MainThread]: adapter type: snowflake
[0m15:08:51.507700 [info ] [MainThread]: adapter version: 1.12.0
[0m15:08:51.579408 [info ] [MainThread]: Configuration:
[0m15:08:51.580054 [info ] [MainThread]:   profiles.yml file [[32mOK found and valid[0m]
[0m15:08:51.580453 [info ] [MainThread]:   dbt_project.yml file [[32mOK found and valid[0m]
[0m15:08:51.580928 [info ] [MainThread]: Required dependencies:
[0m15:08:51.581605 [debug] [MainThread]: Executing "git --help"
[0m15:08:51.627225 [debug] [MainThread]: STDOUT: "b"usage: git [-v | --version] [-h | --help] [-C <path>] [-c <name>=<value>]\n           [--exec-path[=<path>]] [--html-path] [--man-path] [--info-path]\n           [-p | --paginate | -P | --no-pager] [--no-replace-objects] [--no-lazy-fetch]\n           [--no-optional-locks] [--no-advice] [--bare] [--git-dir=<path>]\n           [--work-tree=<path>] [--namespace=<name>] [--config-env=<name>=<envvar>]\n           <command> [<args>]\n\nThese are common Git commands used in various situations:\n\nstart a working area (see also: git help tutorial)\n   clone      Clone a repository into a new directory\n   init       Create an empty Git repository or reinitialize an existing one\n\nwork on the current change (see also: git help everyday)\n   add        Add file contents to the index\n   mv         Move or rename a file, a directory, or a symlink\n   restore    Restore working tree files\n   rm         Remove files from the working tree and from the index\n\nexamine the history and state (see also: git help revisions)\n   bisect     Use binary search to find the commit that introduced a bug\n   diff       Show changes between commits, commit and working tree, etc\n   grep       Print lines matching a pattern\n   log        Show commit logs\n   show       Show various types of objects\n   status     Show the working tree status\n\ngrow, mark and tweak your common history\n   backfill   Download missing objects in a partial clone\n   branch     List, create, or delete branches\n   commit     Record changes to the repository\n   merge      Join two or more development histories together\n   rebase     Reapply commits on top of another base tip\n   reset      Reset current HEAD to the specified state\n   switch     Switch branches\n   tag        Create, list, delete or verify a tag object signed with GPG\n\ncollaborate (see also: git help workflows)\n   fetch      Download objects and refs from another repository\n   pull       Fetch from and integrate with another repository or a local branch\n   push       Update remote refs along with associated objects\n\n'git help -a' and 'git help -g' list available subcommands and some\nconcept guides. See 'git help <command>' or 'git help <concept>'\nto read about a specific subcommand or concept.\nSee 'git help git' for an overview of the system.\n""
[0m15:08:51.627667 [debug] [MainThread]: STDERR: "b''"
[0m15:08:51.627958 [info ] [MainThread]:  - git [[32mOK found[0m]

[0m15:08:51.628326 [info ] [MainThread]: Connection:
[0m15:08:51.628591 [info ] [MainThread]:   account: mu75918.us-east-2.aws
[0m15:08:51.628802 [info ] [MainThread]:   user: MARTIN.BERLUSCONI@ALLATA.COM
[0m15:08:51.628995 [info ] [MainThread]:   database: POC_MEDALLION_CICD
[0m15:08:51.629182 [info ] [MainThread]:   warehouse: CICD
[0m15:08:51.629363 [info ] [MainThread]:   role: DBT_PIPELINE_DEVELOPER
[0m15:08:51.629592 [info ] [MainThread]:   schema: BRONZE_DEV
[0m15:08:51.629776 [info ] [MainThread]:   authenticator: externalbrowser
[0m15:08:51.629964 [info ] [MainThread]:   oauth_client_id: None
[0m15:08:51.630140 [info ] [MainThread]:   query_tag: None
[0m15:08:51.630316 [info ] [MainThread]:   client_session_keep_alive: False
[0m15:08:51.630487 [info ] [MainThread]:   host: None
[0m15:08:51.630657 [info ] [MainThread]:   port: None
[0m15:08:51.631077 [info ] [MainThread]:   proxy_host: None
[0m15:08:51.631647 [info ] [MainThread]:   proxy_port: None
[0m15:08:51.632095 [info ] [MainThread]:   protocol: None
[0m15:08:51.632384 [info ] [MainThread]:   connect_retries: 1
[0m15:08:51.632747 [info ] [MainThread]:   connect_timeout: None
[0m15:08:51.633028 [info ] [MainThread]:   retry_on_database_errors: False
[0m15:08:51.633312 [info ] [MainThread]:   retry_all: False
[0m15:08:51.633625 [info ] [MainThread]:   insecure_mode: False
[0m15:08:51.633891 [info ] [MainThread]:   reuse_connections: True
[0m15:08:51.634128 [info ] [MainThread]:   s3_stage_vpce_dns_name: None
[0m15:08:51.634330 [info ] [MainThread]:   workload_identity_provider: None
[0m15:08:51.634512 [info ] [MainThread]:   workload_identity_entra_resource: None
[0m15:08:51.634694 [info ] [MainThread]:   platform_detection_timeout_seconds: 0.0
[0m15:08:51.635061 [info ] [MainThread]: Registered adapter: snowflake=1.12.0
[0m15:08:51.986893 [debug] [MainThread]: Acquiring new snowflake connection 'debug'
[0m15:08:51.988983 [debug] [MainThread]: Using snowflake connection "debug"
[0m15:08:51.989269 [debug] [MainThread]: On debug: select 1 as id
[0m15:08:51.989443 [debug] [MainThread]: Opening a new connection, currently in state init
[0m15:08:59.178390 [debug] [MainThread]: SQL status: SUCCESS 1 in 7.189 seconds
[0m15:08:59.179156 [info ] [MainThread]:   Connection test: [[32mOK connection ok[0m]

[0m15:08:59.179479 [info ] [MainThread]: [32mAll checks passed![0m
[0m15:08:59.179745 [info ] [MainThread]: Your new dbt project "dbt_project" was created!
Initialized new project in C:\Martin\Projects\DataForge_POC\dbt_project\dbt_project

For more information on how to configure the profiles.yml file,
please consult the dbt documentation here:

  https://docs.getdbt.com/docs/configure-your-profile

One more thing:

Need help? Don't hesitate to reach out to us via GitHub issues or on Slack:

  https://community.getdbt.com/

Happy modeling!

[0m15:08:59.180595 [debug] [MainThread]: Command `dbt init` succeeded at 15:08:59.180507 after 8.50 seconds
[0m15:08:59.180814 [debug] [MainThread]: Connection 'debug' was left open.
[0m15:08:59.180991 [debug] [MainThread]: On debug: Close
[0m15:08:59.559002 [debug] [MainThread]: Sending event: {'category': 'dbt', 'action': 'invocation', 'label': 'end', 'context': [<snowplow_tracker.self_describing_json.SelfDescribingJson object at 0x0000022B8E6D0E90>, <snowplow_tracker.self_describing_json.SelfDescribingJson object at 0x0000022B8C7AB410>, <snowplow_tracker.self_describing_json.SelfDescribingJson object at 0x0000022B8E40D8C0>]}
[0m15:08:59.559492 [debug] [MainThread]: Flushing usage events
[0m15:09:00.653818 [debug] [MainThread]: An error was encountered while trying to flush usage events
[0m09:34:10.418019 [debug] [MainThread]: Sending event: {'category': 'dbt', 'action': 'invocation', 'label': 'start', 'context': [<snowplow_tracker.self_describing_json.SelfDescribingJson object at 0x0000028FEB5F6270>, <snowplow_tracker.self_describing_json.SelfDescribingJson object at 0x0000028FEDDF7D90>, <snowplow_tracker.self_describing_json.SelfDescribingJson object at 0x0000028FEDDF7890>]}


============================== 09:34:10.425222 | f3f3fc91-5bf2-4c53-8d58-f88bb11ed2e1 ==============================
[0m09:34:10.425222 [info ] [MainThread]: Running with dbt=1.12.3
[0m09:34:10.425670 [debug] [MainThread]: running dbt with arguments {'version_check': 'True', 'no_print': 'None', 'static_parser': 'True', 'warn_error_options': 'WarnErrorOptionsV2(error=[], warn=[], silence=[])', 'maximum_seed_size_mib': '1', 'target_path': 'None', 'printer_width': '80', 'write_json': 'True', 'empty': 'None', 'log_cache_events': 'False', 'introspect': 'True', 'cache_selected_only': 'False', 'fail_fast': 'False', 'debug': 'False', 'log_format': 'default', 'partial_parse': 'True', 'send_anonymous_usage_stats': 'True', 'quiet': 'False', 'warn_error': 'None', 'profiles_dir': 'C:\\Users\\MartinBerlusconi\\.dbt', 'indirect_selection': 'eager', 'hints_enabled': 'True', 'use_colors': 'True', 'use_experimental_parser': 'False', 'invocation_command': 'dbt test', 'log_path': 'logs'}
[0m09:34:10.426024 [error] [MainThread]: [[31mERROR[0m]: Encountered an error:
Runtime Error
  No dbt_project.yml found at expected path C:\Martin\Projects\DataForge_POC\dbt_project.yml
  Verify that each entry within packages.yml (and their transitive dependencies) contains a file named dbt_project.yml
  
[0m09:34:10.426593 [debug] [MainThread]: Command `dbt test` failed at 09:34:10.426506 after 0.19 seconds
[0m09:34:10.426833 [debug] [MainThread]: Sending event: {'category': 'dbt', 'action': 'invocation', 'label': 'end', 'context': [<snowplow_tracker.self_describing_json.SelfDescribingJson object at 0x0000028FEDE4CD60>, <snowplow_tracker.self_describing_json.SelfDescribingJson object at 0x0000028FEDDB3410>, <snowplow_tracker.self_describing_json.SelfDescribingJson object at 0x0000028FEDE2F240>]}
[0m09:34:10.427076 [debug] [MainThread]: Flushing usage events
[0m09:34:11.358866 [debug] [MainThread]: An error was encountered while trying to flush usage events
